Archive member included because of file (symbol)

c:/skuksenk/tools/emblocks/share/em_armgcc/bin/../lib/gcc/arm-none-eabi/4.7.3/../../../../arm-none-eabi/lib/armv7-m\libc_n.a(lib_a-exit.o)
                              c:/skuksenk/tools/emblocks/share/em_armgcc/bin/../lib/gcc/arm-none-eabi/4.7.3/../../../../arm-none-eabi/lib/armv7-m/crt0.o (exit)
c:/skuksenk/tools/emblocks/share/em_armgcc/bin/../lib/gcc/arm-none-eabi/4.7.3/../../../../arm-none-eabi/lib/armv7-m\libc_n.a(lib_a-impure.o)
                              c:/skuksenk/tools/emblocks/share/em_armgcc/bin/../lib/gcc/arm-none-eabi/4.7.3/../../../../arm-none-eabi/lib/armv7-m\libc_n.a(lib_a-exit.o) (_global_impure_ptr)
c:/skuksenk/tools/emblocks/share/em_armgcc/bin/../lib/gcc/arm-none-eabi/4.7.3/../../../../arm-none-eabi/lib/armv7-m\libc_n.a(lib_a-init.o)
                              c:/skuksenk/tools/emblocks/share/em_armgcc/bin/../lib/gcc/arm-none-eabi/4.7.3/../../../../arm-none-eabi/lib/armv7-m/crt0.o (__libc_init_array)
c:/skuksenk/tools/emblocks/share/em_armgcc/bin/../lib/gcc/arm-none-eabi/4.7.3/../../../../arm-none-eabi/lib/armv7-m\libc_n.a(lib_a-memcpy-stub.o)
                              obj\debug\~#\lib\freertosv8.0.1\freertos\source\queue.o (memcpy)
c:/skuksenk/tools/emblocks/share/em_armgcc/bin/../lib/gcc/arm-none-eabi/4.7.3/../../../../arm-none-eabi/lib/armv7-m\libc_n.a(lib_a-memset.o)
                              c:/skuksenk/tools/emblocks/share/em_armgcc/bin/../lib/gcc/arm-none-eabi/4.7.3/../../../../arm-none-eabi/lib/armv7-m/crt0.o (memset)
c:/skuksenk/tools/emblocks/share/em_armgcc/bin/../lib/gcc/arm-none-eabi/4.7.3/../../../../arm-none-eabi/lib/armv7-m\libnosys.a(_exit.o)
                              c:/skuksenk/tools/emblocks/share/em_armgcc/bin/../lib/gcc/arm-none-eabi/4.7.3/../../../../arm-none-eabi/lib/armv7-m\libc_n.a(lib_a-exit.o) (_exit)

Discarded input sections

 .text          0x00000000        0x0 c:/skuksenk/tools/emblocks/share/em_armgcc/bin/../lib/gcc/arm-none-eabi/4.7.3/armv7-m/crti.o
 .data          0x00000000        0x0 c:/skuksenk/tools/emblocks/share/em_armgcc/bin/../lib/gcc/arm-none-eabi/4.7.3/armv7-m/crti.o
 .bss           0x00000000        0x0 c:/skuksenk/tools/emblocks/share/em_armgcc/bin/../lib/gcc/arm-none-eabi/4.7.3/armv7-m/crti.o
 .data          0x00000000        0x4 c:/skuksenk/tools/emblocks/share/em_armgcc/bin/../lib/gcc/arm-none-eabi/4.7.3/armv7-m/crtbegin.o
 .data          0x00000000        0x0 c:/skuksenk/tools/emblocks/share/em_armgcc/bin/../lib/gcc/arm-none-eabi/4.7.3/../../../../arm-none-eabi/lib/armv7-m/crt0.o
 .bss           0x00000000        0x0 c:/skuksenk/tools/emblocks/share/em_armgcc/bin/../lib/gcc/arm-none-eabi/4.7.3/../../../../arm-none-eabi/lib/armv7-m/crt0.o
 .ARM.extab     0x00000000        0x0 c:/skuksenk/tools/emblocks/share/em_armgcc/bin/../lib/gcc/arm-none-eabi/4.7.3/../../../../arm-none-eabi/lib/armv7-m/crt0.o
 .data          0x00000000        0x0 obj\debug\src\startup_stm32f10x_md.o
 .bss           0x00000000        0x0 obj\debug\src\startup_stm32f10x_md.o
 .group         0x00000000        0x8 obj\debug\src\system_stm32f10x.o
 .group         0x00000000        0x8 obj\debug\src\system_stm32f10x.o
 .group         0x00000000        0x8 obj\debug\src\system_stm32f10x.o
 .group         0x00000000        0x8 obj\debug\src\system_stm32f10x.o
 .group         0x00000000        0x8 obj\debug\src\system_stm32f10x.o
 .group         0x00000000        0x8 obj\debug\src\system_stm32f10x.o
 .group         0x00000000        0x8 obj\debug\src\system_stm32f10x.o
 .group         0x00000000        0x8 obj\debug\src\system_stm32f10x.o
 .group         0x00000000        0x8 obj\debug\src\system_stm32f10x.o
 .text          0x00000000        0x0 obj\debug\src\system_stm32f10x.o
 .data          0x00000000        0x0 obj\debug\src\system_stm32f10x.o
 .bss           0x00000000        0x0 obj\debug\src\system_stm32f10x.o
 .data.SystemCoreClock
                0x00000000        0x4 obj\debug\src\system_stm32f10x.o
 .data.AHBPrescTable
                0x00000000       0x10 obj\debug\src\system_stm32f10x.o
 .text.SystemCoreClockUpdate
                0x00000000      0x148 obj\debug\src\system_stm32f10x.o
 .group         0x00000000        0x8 obj\debug\~#\lib\freertosv8.0.1\freertos\source\list.o
 .group         0x00000000        0x8 obj\debug\~#\lib\freertosv8.0.1\freertos\source\list.o
 .group         0x00000000        0x8 obj\debug\~#\lib\freertosv8.0.1\freertos\source\list.o
 .group         0x00000000        0x8 obj\debug\~#\lib\freertosv8.0.1\freertos\source\list.o
 .group         0x00000000        0x8 obj\debug\~#\lib\freertosv8.0.1\freertos\source\list.o
 .group         0x00000000        0x8 obj\debug\~#\lib\freertosv8.0.1\freertos\source\list.o
 .group         0x00000000        0x8 obj\debug\~#\lib\freertosv8.0.1\freertos\source\list.o
 .group         0x00000000        0x8 obj\debug\~#\lib\freertosv8.0.1\freertos\source\list.o
 .group         0x00000000        0x8 obj\debug\~#\lib\freertosv8.0.1\freertos\source\list.o
 .group         0x00000000        0x8 obj\debug\~#\lib\freertosv8.0.1\freertos\source\list.o
 .group         0x00000000        0x8 obj\debug\~#\lib\freertosv8.0.1\freertos\source\list.o
 .group         0x00000000        0x8 obj\debug\~#\lib\freertosv8.0.1\freertos\source\list.o
 .group         0x00000000        0x8 obj\debug\~#\lib\freertosv8.0.1\freertos\source\list.o
 .group         0x00000000        0x8 obj\debug\~#\lib\freertosv8.0.1\freertos\source\list.o
 .group         0x00000000        0x8 obj\debug\~#\lib\freertosv8.0.1\freertos\source\list.o
 .group         0x00000000        0x8 obj\debug\~#\lib\freertosv8.0.1\freertos\source\list.o
 .group         0x00000000        0x8 obj\debug\~#\lib\freertosv8.0.1\freertos\source\list.o
 .group         0x00000000        0x8 obj\debug\~#\lib\freertosv8.0.1\freertos\source\list.o
 .group         0x00000000        0x8 obj\debug\~#\lib\freertosv8.0.1\freertos\source\list.o
 .group         0x00000000        0x8 obj\debug\~#\lib\freertosv8.0.1\freertos\source\list.o
 .group         0x00000000        0x8 obj\debug\~#\lib\freertosv8.0.1\freertos\source\list.o
 .group         0x00000000        0x8 obj\debug\~#\lib\freertosv8.0.1\freertos\source\list.o
 .group         0x00000000        0x8 obj\debug\~#\lib\freertosv8.0.1\freertos\source\list.o
 .text          0x00000000        0x0 obj\debug\~#\lib\freertosv8.0.1\freertos\source\list.o
 .data          0x00000000        0x0 obj\debug\~#\lib\freertosv8.0.1\freertos\source\list.o
 .bss           0x00000000        0x0 obj\debug\~#\lib\freertosv8.0.1\freertos\source\list.o
 .debug_macro   0x00000000      0x80e obj\debug\~#\lib\freertosv8.0.1\freertos\source\list.o
 .debug_macro   0x00000000       0x16 obj\debug\~#\lib\freertosv8.0.1\freertos\source\list.o
 .group         0x00000000        0x8 obj\debug\~#\lib\freertosv8.0.1\freertos\source\portable\gcc\arm_cm3\port.o
 .group         0x00000000        0x8 obj\debug\~#\lib\freertosv8.0.1\freertos\source\portable\gcc\arm_cm3\port.o
 .group         0x00000000        0x8 obj\debug\~#\lib\freertosv8.0.1\freertos\source\portable\gcc\arm_cm3\port.o
 .group         0x00000000        0x8 obj\debug\~#\lib\freertosv8.0.1\freertos\source\portable\gcc\arm_cm3\port.o
 .group         0x00000000        0x8 obj\debug\~#\lib\freertosv8.0.1\freertos\source\portable\gcc\arm_cm3\port.o
 .group         0x00000000        0x8 obj\debug\~#\lib\freertosv8.0.1\freertos\source\portable\gcc\arm_cm3\port.o
 .group         0x00000000        0x8 obj\debug\~#\lib\freertosv8.0.1\freertos\source\portable\gcc\arm_cm3\port.o
 .group         0x00000000        0x8 obj\debug\~#\lib\freertosv8.0.1\freertos\source\portable\gcc\arm_cm3\port.o
 .group         0x00000000        0x8 obj\debug\~#\lib\freertosv8.0.1\freertos\source\portable\gcc\arm_cm3\port.o
 .group         0x00000000        0x8 obj\debug\~#\lib\freertosv8.0.1\freertos\source\portable\gcc\arm_cm3\port.o
 .group         0x00000000        0x8 obj\debug\~#\lib\freertosv8.0.1\freertos\source\portable\gcc\arm_cm3\port.o
 .group         0x00000000        0x8 obj\debug\~#\lib\freertosv8.0.1\freertos\source\portable\gcc\arm_cm3\port.o
 .group         0x00000000        0x8 obj\debug\~#\lib\freertosv8.0.1\freertos\source\portable\gcc\arm_cm3\port.o
 .text          0x00000000        0x0 obj\debug\~#\lib\freertosv8.0.1\freertos\source\portable\gcc\arm_cm3\port.o
 .data          0x00000000        0x0 obj\debug\~#\lib\freertosv8.0.1\freertos\source\portable\gcc\arm_cm3\port.o
 .bss           0x00000000        0x0 obj\debug\~#\lib\freertosv8.0.1\freertos\source\portable\gcc\arm_cm3\port.o
 .text.vPortEndScheduler
                0x00000000        0xc obj\debug\~#\lib\freertosv8.0.1\freertos\source\portable\gcc\arm_cm3\port.o
 .debug_macro   0x00000000      0x80e obj\debug\~#\lib\freertosv8.0.1\freertos\source\portable\gcc\arm_cm3\port.o
 .debug_macro   0x00000000       0x16 obj\debug\~#\lib\freertosv8.0.1\freertos\source\portable\gcc\arm_cm3\port.o
 .debug_macro   0x00000000       0x44 obj\debug\~#\lib\freertosv8.0.1\freertos\source\portable\gcc\arm_cm3\port.o
 .debug_macro   0x00000000      0x209 obj\debug\~#\lib\freertosv8.0.1\freertos\source\portable\gcc\arm_cm3\port.o
 .debug_macro   0x00000000       0x40 obj\debug\~#\lib\freertosv8.0.1\freertos\source\portable\gcc\arm_cm3\port.o
 .debug_macro   0x00000000       0xc4 obj\debug\~#\lib\freertosv8.0.1\freertos\source\portable\gcc\arm_cm3\port.o
 .debug_macro   0x00000000       0xaf obj\debug\~#\lib\freertosv8.0.1\freertos\source\portable\gcc\arm_cm3\port.o
 .debug_macro   0x00000000       0x12 obj\debug\~#\lib\freertosv8.0.1\freertos\source\portable\gcc\arm_cm3\port.o
 .debug_macro   0x00000000       0x1f obj\debug\~#\lib\freertosv8.0.1\freertos\source\portable\gcc\arm_cm3\port.o
 .debug_macro   0x00000000      0x392 obj\debug\~#\lib\freertosv8.0.1\freertos\source\portable\gcc\arm_cm3\port.o
 .debug_macro   0x00000000       0x79 obj\debug\~#\lib\freertosv8.0.1\freertos\source\portable\gcc\arm_cm3\port.o
 .group         0x00000000        0x8 obj\debug\~#\lib\freertosv8.0.1\freertos\source\portable\memmang\heap_4.o
 .group         0x00000000        0x8 obj\debug\~#\lib\freertosv8.0.1\freertos\source\portable\memmang\heap_4.o
 .group         0x00000000        0x8 obj\debug\~#\lib\freertosv8.0.1\freertos\source\portable\memmang\heap_4.o
 .group         0x00000000        0x8 obj\debug\~#\lib\freertosv8.0.1\freertos\source\portable\memmang\heap_4.o
 .group         0x00000000        0x8 obj\debug\~#\lib\freertosv8.0.1\freertos\source\portable\memmang\heap_4.o
 .group         0x00000000        0x8 obj\debug\~#\lib\freertosv8.0.1\freertos\source\portable\memmang\heap_4.o
 .group         0x00000000        0x8 obj\debug\~#\lib\freertosv8.0.1\freertos\source\portable\memmang\heap_4.o
 .group         0x00000000        0x8 obj\debug\~#\lib\freertosv8.0.1\freertos\source\portable\memmang\heap_4.o
 .group         0x00000000        0x8 obj\debug\~#\lib\freertosv8.0.1\freertos\source\portable\memmang\heap_4.o
 .group         0x00000000        0x8 obj\debug\~#\lib\freertosv8.0.1\freertos\source\portable\memmang\heap_4.o
 .group         0x00000000        0x8 obj\debug\~#\lib\freertosv8.0.1\freertos\source\portable\memmang\heap_4.o
 .group         0x00000000        0x8 obj\debug\~#\lib\freertosv8.0.1\freertos\source\portable\memmang\heap_4.o
 .group         0x00000000        0x8 obj\debug\~#\lib\freertosv8.0.1\freertos\source\portable\memmang\heap_4.o
 .group         0x00000000        0x8 obj\debug\~#\lib\freertosv8.0.1\freertos\source\portable\memmang\heap_4.o
 .group         0x00000000        0x8 obj\debug\~#\lib\freertosv8.0.1\freertos\source\portable\memmang\heap_4.o
 .group         0x00000000        0x8 obj\debug\~#\lib\freertosv8.0.1\freertos\source\portable\memmang\heap_4.o
 .group         0x00000000        0x8 obj\debug\~#\lib\freertosv8.0.1\freertos\source\portable\memmang\heap_4.o
 .group         0x00000000        0x8 obj\debug\~#\lib\freertosv8.0.1\freertos\source\portable\memmang\heap_4.o
 .group         0x00000000        0x8 obj\debug\~#\lib\freertosv8.0.1\freertos\source\portable\memmang\heap_4.o
 .group         0x00000000        0x8 obj\debug\~#\lib\freertosv8.0.1\freertos\source\portable\memmang\heap_4.o
 .group         0x00000000        0x8 obj\debug\~#\lib\freertosv8.0.1\freertos\source\portable\memmang\heap_4.o
 .group         0x00000000        0x8 obj\debug\~#\lib\freertosv8.0.1\freertos\source\portable\memmang\heap_4.o
 .group         0x00000000        0x8 obj\debug\~#\lib\freertosv8.0.1\freertos\source\portable\memmang\heap_4.o
 .group         0x00000000        0x8 obj\debug\~#\lib\freertosv8.0.1\freertos\source\portable\memmang\heap_4.o
 .text          0x00000000        0x0 obj\debug\~#\lib\freertosv8.0.1\freertos\source\portable\memmang\heap_4.o
 .data          0x00000000        0x0 obj\debug\~#\lib\freertosv8.0.1\freertos\source\portable\memmang\heap_4.o
 .bss           0x00000000        0x0 obj\debug\~#\lib\freertosv8.0.1\freertos\source\portable\memmang\heap_4.o
 .text.xPortGetFreeHeapSize
                0x00000000       0x18 obj\debug\~#\lib\freertosv8.0.1\freertos\source\portable\memmang\heap_4.o
 .text.xPortGetMinimumEverFreeHeapSize
                0x00000000       0x18 obj\debug\~#\lib\freertosv8.0.1\freertos\source\portable\memmang\heap_4.o
 .text.vPortInitialiseBlocks
                0x00000000        0xc obj\debug\~#\lib\freertosv8.0.1\freertos\source\portable\memmang\heap_4.o
 .debug_macro   0x00000000      0x80e obj\debug\~#\lib\freertosv8.0.1\freertos\source\portable\memmang\heap_4.o
 .debug_macro   0x00000000       0x58 obj\debug\~#\lib\freertosv8.0.1\freertos\source\portable\memmang\heap_4.o
 .debug_macro   0x00000000       0x16 obj\debug\~#\lib\freertosv8.0.1\freertos\source\portable\memmang\heap_4.o
 .debug_macro   0x00000000       0x35 obj\debug\~#\lib\freertosv8.0.1\freertos\source\portable\memmang\heap_4.o
 .debug_macro   0x00000000       0xa2 obj\debug\~#\lib\freertosv8.0.1\freertos\source\portable\memmang\heap_4.o
 .debug_macro   0x00000000       0x16 obj\debug\~#\lib\freertosv8.0.1\freertos\source\portable\memmang\heap_4.o
 .debug_macro   0x00000000      0x10e obj\debug\~#\lib\freertosv8.0.1\freertos\source\portable\memmang\heap_4.o
 .debug_macro   0x00000000       0x85 obj\debug\~#\lib\freertosv8.0.1\freertos\source\portable\memmang\heap_4.o
 .debug_macro   0x00000000       0x4a obj\debug\~#\lib\freertosv8.0.1\freertos\source\portable\memmang\heap_4.o
 .debug_macro   0x00000000       0x52 obj\debug\~#\lib\freertosv8.0.1\freertos\source\portable\memmang\heap_4.o
 .debug_macro   0x00000000       0x16 obj\debug\~#\lib\freertosv8.0.1\freertos\source\portable\memmang\heap_4.o
 .debug_macro   0x00000000       0x43 obj\debug\~#\lib\freertosv8.0.1\freertos\source\portable\memmang\heap_4.o
 .debug_macro   0x00000000      0x180 obj\debug\~#\lib\freertosv8.0.1\freertos\source\portable\memmang\heap_4.o
 .debug_macro   0x00000000       0x16 obj\debug\~#\lib\freertosv8.0.1\freertos\source\portable\memmang\heap_4.o
 .debug_macro   0x00000000       0x29 obj\debug\~#\lib\freertosv8.0.1\freertos\source\portable\memmang\heap_4.o
 .debug_macro   0x00000000      0x20f obj\debug\~#\lib\freertosv8.0.1\freertos\source\portable\memmang\heap_4.o
 .debug_macro   0x00000000       0x40 obj\debug\~#\lib\freertosv8.0.1\freertos\source\portable\memmang\heap_4.o
 .debug_macro   0x00000000       0xc4 obj\debug\~#\lib\freertosv8.0.1\freertos\source\portable\memmang\heap_4.o
 .debug_macro   0x00000000       0xaf obj\debug\~#\lib\freertosv8.0.1\freertos\source\portable\memmang\heap_4.o
 .debug_macro   0x00000000       0x12 obj\debug\~#\lib\freertosv8.0.1\freertos\source\portable\memmang\heap_4.o
 .debug_macro   0x00000000       0x1f obj\debug\~#\lib\freertosv8.0.1\freertos\source\portable\memmang\heap_4.o
 .debug_macro   0x00000000      0x392 obj\debug\~#\lib\freertosv8.0.1\freertos\source\portable\memmang\heap_4.o
 .debug_macro   0x00000000       0x79 obj\debug\~#\lib\freertosv8.0.1\freertos\source\portable\memmang\heap_4.o
 .debug_macro   0x00000000       0x69 obj\debug\~#\lib\freertosv8.0.1\freertos\source\portable\memmang\heap_4.o
 .group         0x00000000        0x8 obj\debug\~#\lib\freertosv8.0.1\freertos\source\queue.o
 .group         0x00000000        0x8 obj\debug\~#\lib\freertosv8.0.1\freertos\source\queue.o
 .group         0x00000000        0x8 obj\debug\~#\lib\freertosv8.0.1\freertos\source\queue.o
 .group         0x00000000        0x8 obj\debug\~#\lib\freertosv8.0.1\freertos\source\queue.o
 .group         0x00000000        0x8 obj\debug\~#\lib\freertosv8.0.1\freertos\source\queue.o
 .group         0x00000000        0x8 obj\debug\~#\lib\freertosv8.0.1\freertos\source\queue.o
 .group         0x00000000        0x8 obj\debug\~#\lib\freertosv8.0.1\freertos\source\queue.o
 .group         0x00000000        0x8 obj\debug\~#\lib\freertosv8.0.1\freertos\source\queue.o
 .group         0x00000000        0x8 obj\debug\~#\lib\freertosv8.0.1\freertos\source\queue.o
 .group         0x00000000        0x8 obj\debug\~#\lib\freertosv8.0.1\freertos\source\queue.o
 .group         0x00000000        0x8 obj\debug\~#\lib\freertosv8.0.1\freertos\source\queue.o
 .group         0x00000000        0x8 obj\debug\~#\lib\freertosv8.0.1\freertos\source\queue.o
 .group         0x00000000        0x8 obj\debug\~#\lib\freertosv8.0.1\freertos\source\queue.o
 .group         0x00000000        0x8 obj\debug\~#\lib\freertosv8.0.1\freertos\source\queue.o
 .group         0x00000000        0x8 obj\debug\~#\lib\freertosv8.0.1\freertos\source\queue.o
 .group         0x00000000        0x8 obj\debug\~#\lib\freertosv8.0.1\freertos\source\queue.o
 .group         0x00000000        0x8 obj\debug\~#\lib\freertosv8.0.1\freertos\source\queue.o
 .group         0x00000000        0x8 obj\debug\~#\lib\freertosv8.0.1\freertos\source\queue.o
 .group         0x00000000        0x8 obj\debug\~#\lib\freertosv8.0.1\freertos\source\queue.o
 .group         0x00000000        0x8 obj\debug\~#\lib\freertosv8.0.1\freertos\source\queue.o
 .group         0x00000000        0x8 obj\debug\~#\lib\freertosv8.0.1\freertos\source\queue.o
 .group         0x00000000        0x8 obj\debug\~#\lib\freertosv8.0.1\freertos\source\queue.o
 .group         0x00000000        0x8 obj\debug\~#\lib\freertosv8.0.1\freertos\source\queue.o
 .group         0x00000000        0x8 obj\debug\~#\lib\freertosv8.0.1\freertos\source\queue.o
 .group         0x00000000        0x8 obj\debug\~#\lib\freertosv8.0.1\freertos\source\queue.o
 .group         0x00000000        0x8 obj\debug\~#\lib\freertosv8.0.1\freertos\source\queue.o
 .group         0x00000000        0x8 obj\debug\~#\lib\freertosv8.0.1\freertos\source\queue.o
 .group         0x00000000        0x8 obj\debug\~#\lib\freertosv8.0.1\freertos\source\queue.o
 .group         0x00000000        0x8 obj\debug\~#\lib\freertosv8.0.1\freertos\source\queue.o
 .text          0x00000000        0x0 obj\debug\~#\lib\freertosv8.0.1\freertos\source\queue.o
 .data          0x00000000        0x0 obj\debug\~#\lib\freertosv8.0.1\freertos\source\queue.o
 .bss           0x00000000        0x0 obj\debug\~#\lib\freertosv8.0.1\freertos\source\queue.o
 .text.xQueueGenericReset
                0x00000000       0xb4 obj\debug\~#\lib\freertosv8.0.1\freertos\source\queue.o
 .text.xQueueGenericCreate
                0x00000000       0x7c obj\debug\~#\lib\freertosv8.0.1\freertos\source\queue.o
 .text.xQueueCreateMutex
                0x00000000       0x98 obj\debug\~#\lib\freertosv8.0.1\freertos\source\queue.o
 .text.xQueueGenericSend
                0x00000000      0x12c obj\debug\~#\lib\freertosv8.0.1\freertos\source\queue.o
 .text.xQueueGenericSendFromISR
                0x00000000       0x94 obj\debug\~#\lib\freertosv8.0.1\freertos\source\queue.o
 .text.xQueueGenericReceive
                0x00000000      0x18c obj\debug\~#\lib\freertosv8.0.1\freertos\source\queue.o
 .text.xQueueReceiveFromISR
                0x00000000       0x94 obj\debug\~#\lib\freertosv8.0.1\freertos\source\queue.o
 .text.xQueuePeekFromISR
                0x00000000       0x50 obj\debug\~#\lib\freertosv8.0.1\freertos\source\queue.o
 .text.uxQueueMessagesWaiting
                0x00000000       0x24 obj\debug\~#\lib\freertosv8.0.1\freertos\source\queue.o
 .text.uxQueueSpacesAvailable
                0x00000000       0x2c obj\debug\~#\lib\freertosv8.0.1\freertos\source\queue.o
 .text.uxQueueMessagesWaitingFromISR
                0x00000000       0x1c obj\debug\~#\lib\freertosv8.0.1\freertos\source\queue.o
 .text.vQueueDelete
                0x00000000       0x2c obj\debug\~#\lib\freertosv8.0.1\freertos\source\queue.o
 .text.prvCopyDataToQueue
                0x00000000       0xdc obj\debug\~#\lib\freertosv8.0.1\freertos\source\queue.o
 .text.prvCopyDataFromQueue
                0x00000000       0x50 obj\debug\~#\lib\freertosv8.0.1\freertos\source\queue.o
 .text.prvUnlockQueue
                0x00000000       0xa0 obj\debug\~#\lib\freertosv8.0.1\freertos\source\queue.o
 .text.prvIsQueueEmpty
                0x00000000       0x34 obj\debug\~#\lib\freertosv8.0.1\freertos\source\queue.o
 .text.xQueueIsQueueEmptyFromISR
                0x00000000       0x2c obj\debug\~#\lib\freertosv8.0.1\freertos\source\queue.o
 .text.prvIsQueueFull
                0x00000000       0x38 obj\debug\~#\lib\freertosv8.0.1\freertos\source\queue.o
 .text.xQueueIsQueueFullFromISR
                0x00000000       0x30 obj\debug\~#\lib\freertosv8.0.1\freertos\source\queue.o
 .debug_info    0x00000000      0x98f obj\debug\~#\lib\freertosv8.0.1\freertos\source\queue.o
 .debug_abbrev  0x00000000      0x18d obj\debug\~#\lib\freertosv8.0.1\freertos\source\queue.o
 .debug_loc     0x00000000      0x428 obj\debug\~#\lib\freertosv8.0.1\freertos\source\queue.o
 .debug_aranges
                0x00000000       0xb0 obj\debug\~#\lib\freertosv8.0.1\freertos\source\queue.o
 .debug_ranges  0x00000000       0xa0 obj\debug\~#\lib\freertosv8.0.1\freertos\source\queue.o
 .debug_macro   0x00000000      0x1c9 obj\debug\~#\lib\freertosv8.0.1\freertos\source\queue.o
 .debug_macro   0x00000000      0x80e obj\debug\~#\lib\freertosv8.0.1\freertos\source\queue.o
 .debug_macro   0x00000000       0x58 obj\debug\~#\lib\freertosv8.0.1\freertos\source\queue.o
 .debug_macro   0x00000000       0x16 obj\debug\~#\lib\freertosv8.0.1\freertos\source\queue.o
 .debug_macro   0x00000000       0x35 obj\debug\~#\lib\freertosv8.0.1\freertos\source\queue.o
 .debug_macro   0x00000000       0xa2 obj\debug\~#\lib\freertosv8.0.1\freertos\source\queue.o
 .debug_macro   0x00000000       0x16 obj\debug\~#\lib\freertosv8.0.1\freertos\source\queue.o
 .debug_macro   0x00000000      0x10e obj\debug\~#\lib\freertosv8.0.1\freertos\source\queue.o
 .debug_macro   0x00000000       0x85 obj\debug\~#\lib\freertosv8.0.1\freertos\source\queue.o
 .debug_macro   0x00000000       0x4a obj\debug\~#\lib\freertosv8.0.1\freertos\source\queue.o
 .debug_macro   0x00000000       0x52 obj\debug\~#\lib\freertosv8.0.1\freertos\source\queue.o
 .debug_macro   0x00000000       0x16 obj\debug\~#\lib\freertosv8.0.1\freertos\source\queue.o
 .debug_macro   0x00000000       0x43 obj\debug\~#\lib\freertosv8.0.1\freertos\source\queue.o
 .debug_macro   0x00000000      0x180 obj\debug\~#\lib\freertosv8.0.1\freertos\source\queue.o
 .debug_macro   0x00000000       0x16 obj\debug\~#\lib\freertosv8.0.1\freertos\source\queue.o
 .debug_macro   0x00000000       0x29 obj\debug\~#\lib\freertosv8.0.1\freertos\source\queue.o
 .debug_macro   0x00000000      0x2a6 obj\debug\~#\lib\freertosv8.0.1\freertos\source\queue.o
 .debug_macro   0x00000000       0x10 obj\debug\~#\lib\freertosv8.0.1\freertos\source\queue.o
 .debug_macro   0x00000000       0x35 obj\debug\~#\lib\freertosv8.0.1\freertos\source\queue.o
 .debug_macro   0x00000000       0x1f obj\debug\~#\lib\freertosv8.0.1\freertos\source\queue.o
 .debug_macro   0x00000000      0x20f obj\debug\~#\lib\freertosv8.0.1\freertos\source\queue.o
 .debug_macro   0x00000000       0x40 obj\debug\~#\lib\freertosv8.0.1\freertos\source\queue.o
 .debug_macro   0x00000000       0xc4 obj\debug\~#\lib\freertosv8.0.1\freertos\source\queue.o
 .debug_macro   0x00000000       0xaf obj\debug\~#\lib\freertosv8.0.1\freertos\source\queue.o
 .debug_macro   0x00000000       0x12 obj\debug\~#\lib\freertosv8.0.1\freertos\source\queue.o
 .debug_macro   0x00000000       0x1f obj\debug\~#\lib\freertosv8.0.1\freertos\source\queue.o
 .debug_macro   0x00000000      0x392 obj\debug\~#\lib\freertosv8.0.1\freertos\source\queue.o
 .debug_macro   0x00000000       0x79 obj\debug\~#\lib\freertosv8.0.1\freertos\source\queue.o
 .debug_macro   0x00000000       0x69 obj\debug\~#\lib\freertosv8.0.1\freertos\source\queue.o
 .debug_macro   0x00000000       0xb0 obj\debug\~#\lib\freertosv8.0.1\freertos\source\queue.o
 .debug_line    0x00000000      0x705 obj\debug\~#\lib\freertosv8.0.1\freertos\source\queue.o
 .debug_str     0x00000000     0x8b50 obj\debug\~#\lib\freertosv8.0.1\freertos\source\queue.o
 .comment       0x00000000       0x39 obj\debug\~#\lib\freertosv8.0.1\freertos\source\queue.o
 .ARM.attributes
                0x00000000       0x33 obj\debug\~#\lib\freertosv8.0.1\freertos\source\queue.o
 .debug_frame   0x00000000      0x264 obj\debug\~#\lib\freertosv8.0.1\freertos\source\queue.o
 .group         0x00000000        0x8 obj\debug\~#\lib\freertosv8.0.1\freertos\source\tasks.o
 .group         0x00000000        0x8 obj\debug\~#\lib\freertosv8.0.1\freertos\source\tasks.o
 .group         0x00000000        0x8 obj\debug\~#\lib\freertosv8.0.1\freertos\source\tasks.o
 .group         0x00000000        0x8 obj\debug\~#\lib\freertosv8.0.1\freertos\source\tasks.o
 .group         0x00000000        0x8 obj\debug\~#\lib\freertosv8.0.1\freertos\source\tasks.o
 .group         0x00000000        0x8 obj\debug\~#\lib\freertosv8.0.1\freertos\source\tasks.o
 .group         0x00000000        0x8 obj\debug\~#\lib\freertosv8.0.1\freertos\source\tasks.o
 .group         0x00000000        0x8 obj\debug\~#\lib\freertosv8.0.1\freertos\source\tasks.o
 .group         0x00000000        0x8 obj\debug\~#\lib\freertosv8.0.1\freertos\source\tasks.o
 .group         0x00000000        0x8 obj\debug\~#\lib\freertosv8.0.1\freertos\source\tasks.o
 .group         0x00000000        0x8 obj\debug\~#\lib\freertosv8.0.1\freertos\source\tasks.o
 .group         0x00000000        0x8 obj\debug\~#\lib\freertosv8.0.1\freertos\source\tasks.o
 .group         0x00000000        0x8 obj\debug\~#\lib\freertosv8.0.1\freertos\source\tasks.o
 .group         0x00000000        0x8 obj\debug\~#\lib\freertosv8.0.1\freertos\source\tasks.o
 .group         0x00000000        0x8 obj\debug\~#\lib\freertosv8.0.1\freertos\source\tasks.o
 .group         0x00000000        0x8 obj\debug\~#\lib\freertosv8.0.1\freertos\source\tasks.o
 .group         0x00000000        0x8 obj\debug\~#\lib\freertosv8.0.1\freertos\source\tasks.o
 .group         0x00000000        0x8 obj\debug\~#\lib\freertosv8.0.1\freertos\source\tasks.o
 .group         0x00000000        0x8 obj\debug\~#\lib\freertosv8.0.1\freertos\source\tasks.o
 .group         0x00000000        0x8 obj\debug\~#\lib\freertosv8.0.1\freertos\source\tasks.o
 .group         0x00000000        0x8 obj\debug\~#\lib\freertosv8.0.1\freertos\source\tasks.o
 .group         0x00000000        0x8 obj\debug\~#\lib\freertosv8.0.1\freertos\source\tasks.o
 .group         0x00000000        0x8 obj\debug\~#\lib\freertosv8.0.1\freertos\source\tasks.o
 .group         0x00000000        0x8 obj\debug\~#\lib\freertosv8.0.1\freertos\source\tasks.o
 .group         0x00000000        0x8 obj\debug\~#\lib\freertosv8.0.1\freertos\source\tasks.o
 .group         0x00000000        0x8 obj\debug\~#\lib\freertosv8.0.1\freertos\source\tasks.o
 .group         0x00000000        0x8 obj\debug\~#\lib\freertosv8.0.1\freertos\source\tasks.o
 .group         0x00000000        0x8 obj\debug\~#\lib\freertosv8.0.1\freertos\source\tasks.o
 .group         0x00000000        0x8 obj\debug\~#\lib\freertosv8.0.1\freertos\source\tasks.o
 .group         0x00000000        0x8 obj\debug\~#\lib\freertosv8.0.1\freertos\source\tasks.o
 .text          0x00000000        0x0 obj\debug\~#\lib\freertosv8.0.1\freertos\source\tasks.o
 .data          0x00000000        0x0 obj\debug\~#\lib\freertosv8.0.1\freertos\source\tasks.o
 .bss           0x00000000        0x0 obj\debug\~#\lib\freertosv8.0.1\freertos\source\tasks.o
 .text.vTaskDelayUntil
                0x00000000       0xa4 obj\debug\~#\lib\freertosv8.0.1\freertos\source\tasks.o
 .text.uxTaskPriorityGet
                0x00000000       0x38 obj\debug\~#\lib\freertosv8.0.1\freertos\source\tasks.o
 .text.vTaskPrioritySet
                0x00000000      0x158 obj\debug\~#\lib\freertosv8.0.1\freertos\source\tasks.o
 .text.vTaskSuspend
                0x00000000       0xd0 obj\debug\~#\lib\freertosv8.0.1\freertos\source\tasks.o
 .text.prvTaskIsTaskSuspended
                0x00000000       0x6c obj\debug\~#\lib\freertosv8.0.1\freertos\source\tasks.o
 .text.vTaskResume
                0x00000000       0xac obj\debug\~#\lib\freertosv8.0.1\freertos\source\tasks.o
 .text.xTaskResumeFromISR
                0x00000000       0xc8 obj\debug\~#\lib\freertosv8.0.1\freertos\source\tasks.o
 .text.vTaskEndScheduler
                0x00000000       0x1c obj\debug\~#\lib\freertosv8.0.1\freertos\source\tasks.o
 .text.xTaskGetTickCount
                0x00000000       0x28 obj\debug\~#\lib\freertosv8.0.1\freertos\source\tasks.o
 .text.xTaskGetTickCountFromISR
                0x00000000       0x2c obj\debug\~#\lib\freertosv8.0.1\freertos\source\tasks.o
 .text.uxTaskGetNumberOfTasks
                0x00000000       0x18 obj\debug\~#\lib\freertosv8.0.1\freertos\source\tasks.o
 .text.vTaskPlaceOnEventList
                0x00000000       0x78 obj\debug\~#\lib\freertosv8.0.1\freertos\source\tasks.o
 .text.vTaskPlaceOnUnorderedEventList
                0x00000000       0x8c obj\debug\~#\lib\freertosv8.0.1\freertos\source\tasks.o
 .text.xTaskRemoveFromEventList
                0x00000000       0xd0 obj\debug\~#\lib\freertosv8.0.1\freertos\source\tasks.o
 .text.xTaskRemoveFromUnorderedEventList
                0x00000000       0xb0 obj\debug\~#\lib\freertosv8.0.1\freertos\source\tasks.o
 .text.vTaskSetTimeOutState
                0x00000000       0x30 obj\debug\~#\lib\freertosv8.0.1\freertos\source\tasks.o
 .text.xTaskCheckForTimeOut
                0x00000000       0x98 obj\debug\~#\lib\freertosv8.0.1\freertos\source\tasks.o
 .text.vTaskMissedYield
                0x00000000       0x18 obj\debug\~#\lib\freertosv8.0.1\freertos\source\tasks.o
 .text.xTaskGetCurrentTaskHandle
                0x00000000       0x20 obj\debug\~#\lib\freertosv8.0.1\freertos\source\tasks.o
 .text.vTaskPriorityInherit
                0x00000000       0xf0 obj\debug\~#\lib\freertosv8.0.1\freertos\source\tasks.o
 .text.vTaskPriorityDisinherit
                0x00000000       0x98 obj\debug\~#\lib\freertosv8.0.1\freertos\source\tasks.o
 .text.uxTaskResetEventItemValue
                0x00000000       0x40 obj\debug\~#\lib\freertosv8.0.1\freertos\source\tasks.o
 .debug_macro   0x00000000      0x80e obj\debug\~#\lib\freertosv8.0.1\freertos\source\tasks.o
 .debug_macro   0x00000000       0x58 obj\debug\~#\lib\freertosv8.0.1\freertos\source\tasks.o
 .debug_macro   0x00000000       0x16 obj\debug\~#\lib\freertosv8.0.1\freertos\source\tasks.o
 .debug_macro   0x00000000       0x35 obj\debug\~#\lib\freertosv8.0.1\freertos\source\tasks.o
 .debug_macro   0x00000000       0xa2 obj\debug\~#\lib\freertosv8.0.1\freertos\source\tasks.o
 .debug_macro   0x00000000       0x16 obj\debug\~#\lib\freertosv8.0.1\freertos\source\tasks.o
 .debug_macro   0x00000000      0x10e obj\debug\~#\lib\freertosv8.0.1\freertos\source\tasks.o
 .debug_macro   0x00000000       0x85 obj\debug\~#\lib\freertosv8.0.1\freertos\source\tasks.o
 .debug_macro   0x00000000       0x4a obj\debug\~#\lib\freertosv8.0.1\freertos\source\tasks.o
 .debug_macro   0x00000000       0x52 obj\debug\~#\lib\freertosv8.0.1\freertos\source\tasks.o
 .debug_macro   0x00000000       0x16 obj\debug\~#\lib\freertosv8.0.1\freertos\source\tasks.o
 .debug_macro   0x00000000       0x43 obj\debug\~#\lib\freertosv8.0.1\freertos\source\tasks.o
 .debug_macro   0x00000000      0x180 obj\debug\~#\lib\freertosv8.0.1\freertos\source\tasks.o
 .debug_macro   0x00000000       0x16 obj\debug\~#\lib\freertosv8.0.1\freertos\source\tasks.o
 .debug_macro   0x00000000       0x29 obj\debug\~#\lib\freertosv8.0.1\freertos\source\tasks.o
 .debug_macro   0x00000000      0x2a6 obj\debug\~#\lib\freertosv8.0.1\freertos\source\tasks.o
 .debug_macro   0x00000000       0x10 obj\debug\~#\lib\freertosv8.0.1\freertos\source\tasks.o
 .debug_macro   0x00000000       0x35 obj\debug\~#\lib\freertosv8.0.1\freertos\source\tasks.o
 .debug_macro   0x00000000       0x1f obj\debug\~#\lib\freertosv8.0.1\freertos\source\tasks.o
 .debug_macro   0x00000000      0x20f obj\debug\~#\lib\freertosv8.0.1\freertos\source\tasks.o
 .debug_macro   0x00000000       0x40 obj\debug\~#\lib\freertosv8.0.1\freertos\source\tasks.o
 .debug_macro   0x00000000       0xc4 obj\debug\~#\lib\freertosv8.0.1\freertos\source\tasks.o
 .debug_macro   0x00000000       0xaf obj\debug\~#\lib\freertosv8.0.1\freertos\source\tasks.o
 .debug_macro   0x00000000       0x12 obj\debug\~#\lib\freertosv8.0.1\freertos\source\tasks.o
 .debug_macro   0x00000000       0x1f obj\debug\~#\lib\freertosv8.0.1\freertos\source\tasks.o
 .debug_macro   0x00000000      0x392 obj\debug\~#\lib\freertosv8.0.1\freertos\source\tasks.o
 .debug_macro   0x00000000       0x79 obj\debug\~#\lib\freertosv8.0.1\freertos\source\tasks.o
 .debug_macro   0x00000000       0x69 obj\debug\~#\lib\freertosv8.0.1\freertos\source\tasks.o
 .group         0x00000000        0x8 obj\debug\src\main.o
 .group         0x00000000        0x8 obj\debug\src\main.o
 .group         0x00000000        0x8 obj\debug\src\main.o
 .group         0x00000000        0x8 obj\debug\src\main.o
 .group         0x00000000        0x8 obj\debug\src\main.o
 .group         0x00000000        0x8 obj\debug\src\main.o
 .group         0x00000000        0x8 obj\debug\src\main.o
 .group         0x00000000        0x8 obj\debug\src\main.o
 .group         0x00000000        0x8 obj\debug\src\main.o
 .group         0x00000000        0x8 obj\debug\src\main.o
 .group         0x00000000        0x8 obj\debug\src\main.o
 .group         0x00000000        0x8 obj\debug\src\main.o
 .group         0x00000000        0x8 obj\debug\src\main.o
 .group         0x00000000        0x8 obj\debug\src\main.o
 .group         0x00000000        0x8 obj\debug\src\main.o
 .group         0x00000000        0x8 obj\debug\src\main.o
 .group         0x00000000        0x8 obj\debug\src\main.o
 .group         0x00000000        0x8 obj\debug\src\main.o
 .group         0x00000000        0x8 obj\debug\src\main.o
 .group         0x00000000        0x8 obj\debug\src\main.o
 .group         0x00000000        0x8 obj\debug\src\main.o
 .group         0x00000000        0x8 obj\debug\src\main.o
 .group         0x00000000        0x8 obj\debug\src\main.o
 .group         0x00000000        0x8 obj\debug\src\main.o
 .group         0x00000000        0x8 obj\debug\src\main.o
 .group         0x00000000        0x8 obj\debug\src\main.o
 .group         0x00000000        0x8 obj\debug\src\main.o
 .group         0x00000000        0x8 obj\debug\src\main.o
 .group         0x00000000        0x8 obj\debug\src\main.o
 .group         0x00000000        0x8 obj\debug\src\main.o
 .group         0x00000000        0x8 obj\debug\src\main.o
 .group         0x00000000        0x8 obj\debug\src\main.o
 .group         0x00000000        0x8 obj\debug\src\main.o
 .group         0x00000000        0x8 obj\debug\src\main.o
 .group         0x00000000        0x8 obj\debug\src\main.o
 .group         0x00000000        0x8 obj\debug\src\main.o
 .group         0x00000000        0x8 obj\debug\src\main.o
 .group         0x00000000        0x8 obj\debug\src\main.o
 .group         0x00000000        0x8 obj\debug\src\main.o
 .group         0x00000000        0x8 obj\debug\src\main.o
 .group         0x00000000        0x8 obj\debug\src\main.o
 .text          0x00000000        0x0 obj\debug\src\main.o
 .data          0x00000000        0x0 obj\debug\src\main.o
 .bss           0x00000000        0x0 obj\debug\src\main.o
 .bss.ButtonPressed
                0x00000000        0x2 obj\debug\src\main.o
 .text.Blink2   0x00000000       0x7c obj\debug\src\main.o
 .debug_macro   0x00000000      0x80e obj\debug\src\main.o
 .debug_macro   0x00000000       0x5d obj\debug\src\main.o
 .debug_macro   0x00000000       0x3a obj\debug\src\main.o
 .debug_macro   0x00000000       0x16 obj\debug\src\main.o
 .debug_macro   0x00000000       0x44 obj\debug\src\main.o
 .debug_macro   0x00000000      0x209 obj\debug\src\main.o
 .debug_macro   0x00000000       0x18 obj\debug\src\main.o
 .debug_macro   0x00000000      0xa36 obj\debug\src\main.o
 .debug_macro   0x00000000     0x7ee4 obj\debug\src\main.o
 .debug_macro   0x00000000       0x58 obj\debug\src\main.o
 .debug_macro   0x00000000       0x35 obj\debug\src\main.o
 .debug_macro   0x00000000       0xa2 obj\debug\src\main.o
 .debug_macro   0x00000000       0x52 obj\debug\src\main.o
 .debug_macro   0x00000000       0x16 obj\debug\src\main.o
 .debug_macro   0x00000000       0x43 obj\debug\src\main.o
 .debug_macro   0x00000000      0x180 obj\debug\src\main.o
 .debug_macro   0x00000000      0x2a6 obj\debug\src\main.o
 .debug_macro   0x00000000       0x10 obj\debug\src\main.o
 .debug_macro   0x00000000       0x35 obj\debug\src\main.o
 .debug_macro   0x00000000       0x1f obj\debug\src\main.o
 .debug_macro   0x00000000       0x16 obj\debug\src\main.o
 .debug_macro   0x00000000       0x16 obj\debug\src\main.o
 .debug_macro   0x00000000       0x29 obj\debug\src\main.o
 .debug_macro   0x00000000       0x40 obj\debug\src\main.o
 .debug_macro   0x00000000       0xc4 obj\debug\src\main.o
 .debug_macro   0x00000000       0xaf obj\debug\src\main.o
 .debug_macro   0x00000000       0x12 obj\debug\src\main.o
 .debug_macro   0x00000000       0x1f obj\debug\src\main.o
 .debug_macro   0x00000000      0x392 obj\debug\src\main.o
 .debug_macro   0x00000000       0x79 obj\debug\src\main.o
 .debug_macro   0x00000000       0x69 obj\debug\src\main.o
 .text          0x00000000        0x0 c:/skuksenk/tools/emblocks/share/em_armgcc/bin/../lib/gcc/arm-none-eabi/4.7.3/../../../../arm-none-eabi/lib/armv7-m\libc_n.a(lib_a-exit.o)
 .data          0x00000000        0x0 c:/skuksenk/tools/emblocks/share/em_armgcc/bin/../lib/gcc/arm-none-eabi/4.7.3/../../../../arm-none-eabi/lib/armv7-m\libc_n.a(lib_a-exit.o)
 .bss           0x00000000        0x0 c:/skuksenk/tools/emblocks/share/em_armgcc/bin/../lib/gcc/arm-none-eabi/4.7.3/../../../../arm-none-eabi/lib/armv7-m\libc_n.a(lib_a-exit.o)
 .text          0x00000000        0x0 c:/skuksenk/tools/emblocks/share/em_armgcc/bin/../lib/gcc/arm-none-eabi/4.7.3/../../../../arm-none-eabi/lib/armv7-m\libc_n.a(lib_a-impure.o)
 .data          0x00000000        0x0 c:/skuksenk/tools/emblocks/share/em_armgcc/bin/../lib/gcc/arm-none-eabi/4.7.3/../../../../arm-none-eabi/lib/armv7-m\libc_n.a(lib_a-impure.o)
 .bss           0x00000000        0x0 c:/skuksenk/tools/emblocks/share/em_armgcc/bin/../lib/gcc/arm-none-eabi/4.7.3/../../../../arm-none-eabi/lib/armv7-m\libc_n.a(lib_a-impure.o)
 .data._impure_ptr
                0x00000000        0x4 c:/skuksenk/tools/emblocks/share/em_armgcc/bin/../lib/gcc/arm-none-eabi/4.7.3/../../../../arm-none-eabi/lib/armv7-m\libc_n.a(lib_a-impure.o)
 .text          0x00000000        0x0 c:/skuksenk/tools/emblocks/share/em_armgcc/bin/../lib/gcc/arm-none-eabi/4.7.3/../../../../arm-none-eabi/lib/armv7-m\libc_n.a(lib_a-init.o)
 .data          0x00000000        0x0 c:/skuksenk/tools/emblocks/share/em_armgcc/bin/../lib/gcc/arm-none-eabi/4.7.3/../../../../arm-none-eabi/lib/armv7-m\libc_n.a(lib_a-init.o)
 .bss           0x00000000        0x0 c:/skuksenk/tools/emblocks/share/em_armgcc/bin/../lib/gcc/arm-none-eabi/4.7.3/../../../../arm-none-eabi/lib/armv7-m\libc_n.a(lib_a-init.o)
 .text          0x00000000        0x0 c:/skuksenk/tools/emblocks/share/em_armgcc/bin/../lib/gcc/arm-none-eabi/4.7.3/../../../../arm-none-eabi/lib/armv7-m\libc_n.a(lib_a-memcpy-stub.o)
 .data          0x00000000        0x0 c:/skuksenk/tools/emblocks/share/em_armgcc/bin/../lib/gcc/arm-none-eabi/4.7.3/../../../../arm-none-eabi/lib/armv7-m\libc_n.a(lib_a-memcpy-stub.o)
 .bss           0x00000000        0x0 c:/skuksenk/tools/emblocks/share/em_armgcc/bin/../lib/gcc/arm-none-eabi/4.7.3/../../../../arm-none-eabi/lib/armv7-m\libc_n.a(lib_a-memcpy-stub.o)
 .text.memcpy   0x00000000       0x12 c:/skuksenk/tools/emblocks/share/em_armgcc/bin/../lib/gcc/arm-none-eabi/4.7.3/../../../../arm-none-eabi/lib/armv7-m\libc_n.a(lib_a-memcpy-stub.o)
 .ARM.attributes
                0x00000000       0x2d c:/skuksenk/tools/emblocks/share/em_armgcc/bin/../lib/gcc/arm-none-eabi/4.7.3/../../../../arm-none-eabi/lib/armv7-m\libc_n.a(lib_a-memcpy-stub.o)
 .debug_frame   0x00000000       0x28 c:/skuksenk/tools/emblocks/share/em_armgcc/bin/../lib/gcc/arm-none-eabi/4.7.3/../../../../arm-none-eabi/lib/armv7-m\libc_n.a(lib_a-memcpy-stub.o)
 .text          0x00000000        0x0 c:/skuksenk/tools/emblocks/share/em_armgcc/bin/../lib/gcc/arm-none-eabi/4.7.3/../../../../arm-none-eabi/lib/armv7-m\libc_n.a(lib_a-memset.o)
 .data          0x00000000        0x0 c:/skuksenk/tools/emblocks/share/em_armgcc/bin/../lib/gcc/arm-none-eabi/4.7.3/../../../../arm-none-eabi/lib/armv7-m\libc_n.a(lib_a-memset.o)
 .bss           0x00000000        0x0 c:/skuksenk/tools/emblocks/share/em_armgcc/bin/../lib/gcc/arm-none-eabi/4.7.3/../../../../arm-none-eabi/lib/armv7-m\libc_n.a(lib_a-memset.o)
 .text          0x00000000        0x0 c:/skuksenk/tools/emblocks/share/em_armgcc/bin/../lib/gcc/arm-none-eabi/4.7.3/../../../../arm-none-eabi/lib/armv7-m\libnosys.a(_exit.o)
 .data          0x00000000        0x0 c:/skuksenk/tools/emblocks/share/em_armgcc/bin/../lib/gcc/arm-none-eabi/4.7.3/../../../../arm-none-eabi/lib/armv7-m\libnosys.a(_exit.o)
 .bss           0x00000000        0x0 c:/skuksenk/tools/emblocks/share/em_armgcc/bin/../lib/gcc/arm-none-eabi/4.7.3/../../../../arm-none-eabi/lib/armv7-m\libnosys.a(_exit.o)
 .text          0x00000000        0x0 c:/skuksenk/tools/emblocks/share/em_armgcc/bin/../lib/gcc/arm-none-eabi/4.7.3/armv7-m/crtend.o
 .data          0x00000000        0x0 c:/skuksenk/tools/emblocks/share/em_armgcc/bin/../lib/gcc/arm-none-eabi/4.7.3/armv7-m/crtend.o
 .bss           0x00000000        0x0 c:/skuksenk/tools/emblocks/share/em_armgcc/bin/../lib/gcc/arm-none-eabi/4.7.3/armv7-m/crtend.o
 .jcr           0x00000000        0x4 c:/skuksenk/tools/emblocks/share/em_armgcc/bin/../lib/gcc/arm-none-eabi/4.7.3/armv7-m/crtend.o
 .text          0x00000000        0x0 c:/skuksenk/tools/emblocks/share/em_armgcc/bin/../lib/gcc/arm-none-eabi/4.7.3/armv7-m/crtn.o
 .data          0x00000000        0x0 c:/skuksenk/tools/emblocks/share/em_armgcc/bin/../lib/gcc/arm-none-eabi/4.7.3/armv7-m/crtn.o
 .bss           0x00000000        0x0 c:/skuksenk/tools/emblocks/share/em_armgcc/bin/../lib/gcc/arm-none-eabi/4.7.3/armv7-m/crtn.o

Memory Configuration

Name             Origin             Length             Attributes
ROM              0x08000000         0x00010000         xr
RAM              0x20000000         0x00005000         xrw
*default*        0x00000000         0xffffffff

Linker script and memory map

LOAD c:/skuksenk/tools/emblocks/share/em_armgcc/bin/../lib/gcc/arm-none-eabi/4.7.3/armv7-m/crti.o
LOAD c:/skuksenk/tools/emblocks/share/em_armgcc/bin/../lib/gcc/arm-none-eabi/4.7.3/armv7-m/crtbegin.o
LOAD c:/skuksenk/tools/emblocks/share/em_armgcc/bin/../lib/gcc/arm-none-eabi/4.7.3/../../../../arm-none-eabi/lib/armv7-m/crt0.o
                0x00000000                __HEAP_SIZE = 0x0
                0x00000100                __STACK_SIZE = 0x100

.text           0x08000000     0x1c64
 *(.isr_vector)
 .isr_vector    0x08000000       0xec obj\debug\src\startup_stm32f10x_md.o
                0x08000000                __isr_vector
 *(.text*)
 .text          0x080000ec       0x54 c:/skuksenk/tools/emblocks/share/em_armgcc/bin/../lib/gcc/arm-none-eabi/4.7.3/armv7-m/crtbegin.o
 .text          0x08000140       0x74 c:/skuksenk/tools/emblocks/share/em_armgcc/bin/../lib/gcc/arm-none-eabi/4.7.3/../../../../arm-none-eabi/lib/armv7-m/crt0.o
                0x08000140                _start
                0x08000140                _mainCRTStartup
 .text          0x080001b4       0xb8 obj\debug\src\startup_stm32f10x_md.o
                0x080001b4                Reset_Handler
                0x080001fa                NMI_Handler
                0x080001fc                HardFault_Handler
                0x080001fe                MemManage_Handler
                0x08000200                BusFault_Handler
                0x08000202                UsageFault_Handler
                0x08000206                DebugMon_Handler
                0x0800020c                Default_Handler
                0x0800020e                WWDG_IRQHandler
                0x08000210                PVD_IRQHandler
                0x08000212                TAMPER_IRQHandler
                0x08000214                RTC_IRQHandler
                0x08000216                FLASH_IRQHandler
                0x08000218                RCC_IRQHandler
                0x0800021a                EXTI0_IRQHandler
                0x0800021c                EXTI1_IRQHandler
                0x0800021e                EXTI2_IRQHandler
                0x08000220                EXTI3_IRQHandler
                0x08000222                EXTI4_IRQHandler
                0x08000224                DMA1_Channel1_IRQHandler
                0x08000226                DMA1_Channel2_IRQHandler
                0x08000228                DMA1_Channel3_IRQHandler
                0x0800022a                DMA1_Channel4_IRQHandler
                0x0800022c                DMA1_Channel5_IRQHandler
                0x0800022e                DMA1_Channel6_IRQHandler
                0x08000230                DMA1_Channel7_IRQHandler
                0x08000232                ADC1_2_IRQHandler
                0x08000234                USB_HP_CAN1_TX_IRQHandler
                0x08000236                USB_LP_CAN1_RX0_IRQHandler
                0x08000238                CAN1_RX1_IRQHandler
                0x0800023a                CAN1_SCE_IRQHandler
                0x0800023c                EXTI9_5_IRQHandler
                0x0800023e                TIM1_BRK_IRQHandler
                0x08000242                TIM1_TRG_COM_IRQHandler
                0x08000244                TIM1_CC_IRQHandler
                0x08000246                TIM2_IRQHandler
                0x08000248                TIM3_IRQHandler
                0x0800024a                TIM4_IRQHandler
                0x0800024c                I2C1_EV_IRQHandler
                0x0800024e                I2C1_ER_IRQHandler
                0x08000250                I2C2_EV_IRQHandler
                0x08000252                I2C2_ER_IRQHandler
                0x08000254                SPI1_IRQHandler
                0x08000256                SPI2_IRQHandler
                0x08000258                USART1_IRQHandler
                0x0800025a                USART2_IRQHandler
                0x0800025c                USART3_IRQHandler
                0x0800025e                EXTI15_10_IRQHandler
                0x08000260                RTCAlarm_IRQHandler
                0x08000262                USBWakeUp_IRQHandler
 .text.SystemInit
                0x0800026c       0xa8 obj\debug\src\system_stm32f10x.o
                0x0800026c                SystemInit
 .text.SetSysClock
                0x08000314        0xc obj\debug\src\system_stm32f10x.o
 .text.SetSysClockTo72
                0x08000320      0x1ac obj\debug\src\system_stm32f10x.o
 .text.vListInitialise
                0x080004cc       0x40 obj\debug\~#\lib\freertosv8.0.1\freertos\source\list.o
                0x080004cc                vListInitialise
 .text.vListInitialiseItem
                0x0800050c       0x1c obj\debug\~#\lib\freertosv8.0.1\freertos\source\list.o
                0x0800050c                vListInitialiseItem
 .text.vListInsertEnd
                0x08000528       0x48 obj\debug\~#\lib\freertosv8.0.1\freertos\source\list.o
                0x08000528                vListInsertEnd
 .text.vListInsert
                0x08000570       0x74 obj\debug\~#\lib\freertosv8.0.1\freertos\source\list.o
                0x08000570                vListInsert
 .text.uxListRemove
                0x080005e4       0x58 obj\debug\~#\lib\freertosv8.0.1\freertos\source\list.o
                0x080005e4                uxListRemove
 .text.pxPortInitialiseStack
                0x0800063c       0x64 obj\debug\~#\lib\freertosv8.0.1\freertos\source\portable\gcc\arm_cm3\port.o
                0x0800063c                pxPortInitialiseStack
 .text.prvTaskExitError
                0x080006a0        0xc obj\debug\~#\lib\freertosv8.0.1\freertos\source\portable\gcc\arm_cm3\port.o
 .text.SVC_Handler
                0x080006ac       0x24 obj\debug\~#\lib\freertosv8.0.1\freertos\source\portable\gcc\arm_cm3\port.o
                0x080006ac                SVC_Handler
 .text.prvPortStartFirstTask
                0x080006d0       0x1c obj\debug\~#\lib\freertosv8.0.1\freertos\source\portable\gcc\arm_cm3\port.o
 .text.xPortStartScheduler
                0x080006ec       0x58 obj\debug\~#\lib\freertosv8.0.1\freertos\source\portable\gcc\arm_cm3\port.o
                0x080006ec                xPortStartScheduler
 .text.vPortYield
                0x08000744       0x20 obj\debug\~#\lib\freertosv8.0.1\freertos\source\portable\gcc\arm_cm3\port.o
                0x08000744                vPortYield
 .text.vPortEnterCritical
                0x08000764       0x2c obj\debug\~#\lib\freertosv8.0.1\freertos\source\portable\gcc\arm_cm3\port.o
                0x08000764                vPortEnterCritical
 .text.vPortExitCritical
                0x08000790       0x34 obj\debug\~#\lib\freertosv8.0.1\freertos\source\portable\gcc\arm_cm3\port.o
                0x08000790                vPortExitCritical
 .text.ulPortSetInterruptMask
                0x080007c4       0x14 obj\debug\~#\lib\freertosv8.0.1\freertos\source\portable\gcc\arm_cm3\port.o
                0x080007c4                ulPortSetInterruptMask
 .text.vPortClearInterruptMask
                0x080007d8        0x8 obj\debug\~#\lib\freertosv8.0.1\freertos\source\portable\gcc\arm_cm3\port.o
                0x080007d8                vPortClearInterruptMask
 .text.PendSV_Handler
                0x080007e0       0x44 obj\debug\~#\lib\freertosv8.0.1\freertos\source\portable\gcc\arm_cm3\port.o
                0x080007e0                PendSV_Handler
 .text.SysTick_Handler
                0x08000824       0x2c obj\debug\~#\lib\freertosv8.0.1\freertos\source\portable\gcc\arm_cm3\port.o
                0x08000824                SysTick_Handler
 .text.vPortSetupTimerInterrupt
                0x08000850       0x2c obj\debug\~#\lib\freertosv8.0.1\freertos\source\portable\gcc\arm_cm3\port.o
                0x08000850                vPortSetupTimerInterrupt
 .text.pvPortMalloc
                0x0800087c      0x188 obj\debug\~#\lib\freertosv8.0.1\freertos\source\portable\memmang\heap_4.o
                0x0800087c                pvPortMalloc
 .text.vPortFree
                0x08000a04       0x90 obj\debug\~#\lib\freertosv8.0.1\freertos\source\portable\memmang\heap_4.o
                0x08000a04                vPortFree
 .text.prvHeapInit
                0x08000a94       0xe0 obj\debug\~#\lib\freertosv8.0.1\freertos\source\portable\memmang\heap_4.o
 .text.prvInsertBlockIntoFreeList
                0x08000b74       0xbc obj\debug\~#\lib\freertosv8.0.1\freertos\source\portable\memmang\heap_4.o
 .text.xTaskGenericCreate
                0x08000c30      0x188 obj\debug\~#\lib\freertosv8.0.1\freertos\source\tasks.o
                0x08000c30                xTaskGenericCreate
 .text.vTaskDelay
                0x08000db8       0x5c obj\debug\~#\lib\freertosv8.0.1\freertos\source\tasks.o
                0x08000db8                vTaskDelay
 .text.vTaskStartScheduler
                0x08000e14       0x70 obj\debug\~#\lib\freertosv8.0.1\freertos\source\tasks.o
                0x08000e14                vTaskStartScheduler
 .text.vTaskSuspendAll
                0x08000e84       0x24 obj\debug\~#\lib\freertosv8.0.1\freertos\source\tasks.o
                0x08000e84                vTaskSuspendAll
 .text.xTaskResumeAll
                0x08000ea8      0x160 obj\debug\~#\lib\freertosv8.0.1\freertos\source\tasks.o
                0x08000ea8                xTaskResumeAll
 .text.xTaskIncrementTick
                0x08001008      0x1e8 obj\debug\~#\lib\freertosv8.0.1\freertos\source\tasks.o
                0x08001008                xTaskIncrementTick
 .text.vTaskSwitchContext
                0x080011f0       0xd0 obj\debug\~#\lib\freertosv8.0.1\freertos\source\tasks.o
                0x080011f0                vTaskSwitchContext
 .text.prvIdleTask
                0x080012c0       0x24 obj\debug\~#\lib\freertosv8.0.1\freertos\source\tasks.o
 .text.prvInitialiseTCBVariables
                0x080012e4       0xa0 obj\debug\~#\lib\freertosv8.0.1\freertos\source\tasks.o
 .text.prvInitialiseTaskLists
                0x08001384       0x98 obj\debug\~#\lib\freertosv8.0.1\freertos\source\tasks.o
 .text.prvCheckTasksWaitingTermination
                0x0800141c        0xc obj\debug\~#\lib\freertosv8.0.1\freertos\source\tasks.o
 .text.prvAddCurrentTaskToDelayedList
                0x08001428       0x8c obj\debug\~#\lib\freertosv8.0.1\freertos\source\tasks.o
 .text.prvAllocateTCBAndStack
                0x080014b4       0x58 obj\debug\~#\lib\freertosv8.0.1\freertos\source\tasks.o
 .text.prvResetNextTaskUnblockTime
                0x0800150c       0x5c obj\debug\~#\lib\freertosv8.0.1\freertos\source\tasks.o
 .text.NVIC_EnableIRQ
                0x08001568       0x38 obj\debug\src\main.o
 .text.ButtonsRead
                0x080015a0      0x24c obj\debug\src\main.o
                0x080015a0                ButtonsRead
 .text.TIM1_UP_IRQHandler
                0x080017ec       0x98 obj\debug\src\main.o
                0x080017ec                TIM1_UP_IRQHandler
 .text.TIM1_init
                0x08001884       0xc0 obj\debug\src\main.o
                0x08001884                TIM1_init
 .text.TIM2_init
                0x08001944      0x1b0 obj\debug\src\main.o
                0x08001944                TIM2_init
 .text.main     0x08001af4       0xa8 obj\debug\src\main.o
                0x08001af4                main
 .text.exit     0x08001b9c       0x28 c:/skuksenk/tools/emblocks/share/em_armgcc/bin/../lib/gcc/arm-none-eabi/4.7.3/../../../../arm-none-eabi/lib/armv7-m\libc_n.a(lib_a-exit.o)
                0x08001b9c                exit
 .text.__libc_init_array
                0x08001bc4       0x4c c:/skuksenk/tools/emblocks/share/em_armgcc/bin/../lib/gcc/arm-none-eabi/4.7.3/../../../../arm-none-eabi/lib/armv7-m\libc_n.a(lib_a-init.o)
                0x08001bc4                __libc_init_array
 .text.memset   0x08001c10       0x10 c:/skuksenk/tools/emblocks/share/em_armgcc/bin/../lib/gcc/arm-none-eabi/4.7.3/../../../../arm-none-eabi/lib/armv7-m\libc_n.a(lib_a-memset.o)
                0x08001c10                memset
 .text._exit    0x08001c20        0x4 c:/skuksenk/tools/emblocks/share/em_armgcc/bin/../lib/gcc/arm-none-eabi/4.7.3/../../../../arm-none-eabi/lib/armv7-m\libnosys.a(_exit.o)
                0x08001c20                _exit
 *(.init)
 .init          0x08001c24        0x4 c:/skuksenk/tools/emblocks/share/em_armgcc/bin/../lib/gcc/arm-none-eabi/4.7.3/armv7-m/crti.o
                0x08001c24                _init
 .init          0x08001c28        0x8 c:/skuksenk/tools/emblocks/share/em_armgcc/bin/../lib/gcc/arm-none-eabi/4.7.3/armv7-m/crtn.o
 *(.fini)
 .fini          0x08001c30        0x4 c:/skuksenk/tools/emblocks/share/em_armgcc/bin/../lib/gcc/arm-none-eabi/4.7.3/armv7-m/crti.o
                0x08001c30                _fini
 .fini          0x08001c34        0x8 c:/skuksenk/tools/emblocks/share/em_armgcc/bin/../lib/gcc/arm-none-eabi/4.7.3/armv7-m/crtn.o
 *crtbegin.o(.ctors)
 *crtbegin?.o(.ctors)
 *(EXCLUDE_FILE(*crtend.o *crtend?.o) .ctors)
 *(SORT(.ctors.*))
 *(.ctors)
 *crtbegin.o(.dtors)
 *crtbegin?.o(.dtors)
 *(EXCLUDE_FILE(*crtend.o *crtend?.o) .dtors)
 *(SORT(.dtors.*))
 *(.dtors)
 *(.rodata*)
 .rodata.heapSTRUCT_SIZE
                0x08001c3c        0x2 obj\debug\~#\lib\freertosv8.0.1\freertos\source\portable\memmang\heap_4.o
 *fill*         0x08001c3e        0x2 
 .rodata.xTotalHeapSize
                0x08001c40        0x4 obj\debug\~#\lib\freertosv8.0.1\freertos\source\portable\memmang\heap_4.o
 .rodata        0x08001c44        0x8 obj\debug\~#\lib\freertosv8.0.1\freertos\source\tasks.o
 .rodata        0x08001c4c        0xc obj\debug\src\main.o
 .rodata.str1.1
                0x08001c58        0x2 c:/skuksenk/tools/emblocks/share/em_armgcc/bin/../lib/gcc/arm-none-eabi/4.7.3/../../../../arm-none-eabi/lib/armv7-m\libc_n.a(lib_a-impure.o)
 *fill*         0x08001c5a        0x2 
 .rodata._global_impure_ptr
                0x08001c5c        0x4 c:/skuksenk/tools/emblocks/share/em_armgcc/bin/../lib/gcc/arm-none-eabi/4.7.3/../../../../arm-none-eabi/lib/armv7-m\libc_n.a(lib_a-impure.o)
                0x08001c5c                _global_impure_ptr
 *(.eh_frame*)
 .eh_frame      0x08001c60        0x0 c:/skuksenk/tools/emblocks/share/em_armgcc/bin/../lib/gcc/arm-none-eabi/4.7.3/armv7-m/crtbegin.o
 .eh_frame      0x08001c60        0x4 c:/skuksenk/tools/emblocks/share/em_armgcc/bin/../lib/gcc/arm-none-eabi/4.7.3/armv7-m/crtend.o

.glue_7         0x08001c64        0x0
 .glue_7        0x00000000        0x0 linker stubs

.glue_7t        0x08001c64        0x0
 .glue_7t       0x00000000        0x0 linker stubs

.vfp11_veneer   0x08001c64        0x0
 .vfp11_veneer  0x00000000        0x0 linker stubs

.v4_bx          0x08001c64        0x0
 .v4_bx         0x00000000        0x0 linker stubs

.iplt           0x08001c64        0x0
 .iplt          0x00000000        0x0 c:/skuksenk/tools/emblocks/share/em_armgcc/bin/../lib/gcc/arm-none-eabi/4.7.3/armv7-m/crtbegin.o

.ARM.extab
 *(.ARM.extab* .gnu.linkonce.armextab.*)
                0x08001c64                __exidx_start = .

.ARM.exidx      0x08001c64        0x8
 *(.ARM.exidx* .gnu.linkonce.armexidx.*)
 .ARM.exidx     0x08001c64        0x8 c:/skuksenk/tools/emblocks/share/em_armgcc/bin/../lib/gcc/arm-none-eabi/4.7.3/../../../../arm-none-eabi/lib/armv7-m/crt0.o
                0x08001c6c                __exidx_end = .
                0x08001c6c                __etext = .

.rel.dyn        0x08001c6c        0x0
 .rel.iplt      0x00000000        0x0 c:/skuksenk/tools/emblocks/share/em_armgcc/bin/../lib/gcc/arm-none-eabi/4.7.3/armv7-m/crtbegin.o

.data           0x20000000       0x90 load address 0x08001c6c
                0x20000000                __data_start__ = .
 *(vtable)
 *(.data*)
 .data.uxCriticalNesting
                0x20000000        0x4 obj\debug\~#\lib\freertosv8.0.1\freertos\source\portable\gcc\arm_cm3\port.o
 .data.xFreeBytesRemaining
                0x20000004        0x4 obj\debug\~#\lib\freertosv8.0.1\freertos\source\portable\memmang\heap_4.o
 .data.xMinimumEverFreeBytesRemaining
                0x20000008        0x4 obj\debug\~#\lib\freertosv8.0.1\freertos\source\portable\memmang\heap_4.o
 .data.xNextTaskUnblockTime
                0x2000000c        0x4 obj\debug\~#\lib\freertosv8.0.1\freertos\source\tasks.o
 .data.RPM      0x20000010        0x4 obj\debug\src\main.o
                0x20000010                RPM
 .data.Duty2    0x20000014        0x2 obj\debug\src\main.o
                0x20000014                Duty2
 *fill*         0x20000016        0x2 
 .data.step     0x20000018       0x10 obj\debug\src\main.o
                0x20000018                step
 .data.impure_data
                0x20000028       0x60 c:/skuksenk/tools/emblocks/share/em_armgcc/bin/../lib/gcc/arm-none-eabi/4.7.3/../../../../arm-none-eabi/lib/armv7-m\libc_n.a(lib_a-impure.o)
                0x20000088                . = ALIGN (0x4)
                0x20000088                PROVIDE (__preinit_array_start, .)
 *(.preinit_array)
                0x20000088                PROVIDE (__preinit_array_end, .)
                0x20000088                . = ALIGN (0x4)
                0x20000088                PROVIDE (__init_array_start, .)
 *(SORT(.init_array.*))
 *(.init_array)
 .init_array    0x20000088        0x4 c:/skuksenk/tools/emblocks/share/em_armgcc/bin/../lib/gcc/arm-none-eabi/4.7.3/armv7-m/crtbegin.o
                0x2000008c                PROVIDE (__init_array_end, .)
                0x2000008c                . = ALIGN (0x4)
                0x2000008c                PROVIDE (__fini_array_start, .)
 *(SORT(.fini_array.*))
 *(.fini_array)
 .fini_array    0x2000008c        0x4 c:/skuksenk/tools/emblocks/share/em_armgcc/bin/../lib/gcc/arm-none-eabi/4.7.3/armv7-m/crtbegin.o
                0x20000090                PROVIDE (__fini_array_end, .)
                0x20000090                . = ALIGN (0x4)
                0x20000090                __data_end__ = .

.jcr            0x20000090        0x0 load address 0x08001cfc
 .jcr           0x20000090        0x0 c:/skuksenk/tools/emblocks/share/em_armgcc/bin/../lib/gcc/arm-none-eabi/4.7.3/armv7-m/crtbegin.o

.igot.plt       0x20000090        0x0 load address 0x08001cfc
 .igot.plt      0x00000000        0x0 c:/skuksenk/tools/emblocks/share/em_armgcc/bin/../lib/gcc/arm-none-eabi/4.7.3/armv7-m/crtbegin.o

.bss            0x20000090     0x3d11 load address 0x08001cfc
                0x20000090                __bss_start__ = .
 *(.bss*)
 .bss           0x20000090       0x1c c:/skuksenk/tools/emblocks/share/em_armgcc/bin/../lib/gcc/arm-none-eabi/4.7.3/armv7-m/crtbegin.o
 .bss.ucHeap    0x200000ac     0x3c00 obj\debug\~#\lib\freertosv8.0.1\freertos\source\portable\memmang\heap_4.o
 .bss.xStart    0x20003cac        0x8 obj\debug\~#\lib\freertosv8.0.1\freertos\source\portable\memmang\heap_4.o
 .bss.pxEnd     0x20003cb4        0x4 obj\debug\~#\lib\freertosv8.0.1\freertos\source\portable\memmang\heap_4.o
 .bss.xBlockAllocatedBit
                0x20003cb8        0x4 obj\debug\~#\lib\freertosv8.0.1\freertos\source\portable\memmang\heap_4.o
 .bss.pxCurrentTCB
                0x20003cbc        0x4 obj\debug\~#\lib\freertosv8.0.1\freertos\source\tasks.o
                0x20003cbc                pxCurrentTCB
 .bss.pxReadyTasksLists
                0x20003cc0       0x64 obj\debug\~#\lib\freertosv8.0.1\freertos\source\tasks.o
 .bss.xDelayedTaskList1
                0x20003d24       0x14 obj\debug\~#\lib\freertosv8.0.1\freertos\source\tasks.o
 .bss.xDelayedTaskList2
                0x20003d38       0x14 obj\debug\~#\lib\freertosv8.0.1\freertos\source\tasks.o
 .bss.pxDelayedTaskList
                0x20003d4c        0x4 obj\debug\~#\lib\freertosv8.0.1\freertos\source\tasks.o
 .bss.pxOverflowDelayedTaskList
                0x20003d50        0x4 obj\debug\~#\lib\freertosv8.0.1\freertos\source\tasks.o
 .bss.xPendingReadyList
                0x20003d54       0x14 obj\debug\~#\lib\freertosv8.0.1\freertos\source\tasks.o
 .bss.xSuspendedTaskList
                0x20003d68       0x14 obj\debug\~#\lib\freertosv8.0.1\freertos\source\tasks.o
 .bss.uxCurrentNumberOfTasks
                0x20003d7c        0x4 obj\debug\~#\lib\freertosv8.0.1\freertos\source\tasks.o
 .bss.xTickCount
                0x20003d80        0x4 obj\debug\~#\lib\freertosv8.0.1\freertos\source\tasks.o
 .bss.uxTopReadyPriority
                0x20003d84        0x4 obj\debug\~#\lib\freertosv8.0.1\freertos\source\tasks.o
 .bss.xSchedulerRunning
                0x20003d88        0x4 obj\debug\~#\lib\freertosv8.0.1\freertos\source\tasks.o
 .bss.uxPendedTicks
                0x20003d8c        0x4 obj\debug\~#\lib\freertosv8.0.1\freertos\source\tasks.o
 .bss.xYieldPending
                0x20003d90        0x4 obj\debug\~#\lib\freertosv8.0.1\freertos\source\tasks.o
 .bss.xNumOfOverflows
                0x20003d94        0x4 obj\debug\~#\lib\freertosv8.0.1\freertos\source\tasks.o
 .bss.uxTaskNumber
                0x20003d98        0x4 obj\debug\~#\lib\freertosv8.0.1\freertos\source\tasks.o
 .bss.uxSchedulerSuspended
                0x20003d9c        0x4 obj\debug\~#\lib\freertosv8.0.1\freertos\source\tasks.o
 .bss.CurrentStep
                0x20003da0        0x1 obj\debug\src\main.o
                0x20003da0                CurrentStep
 *(COMMON)
                0x20003da1                __bss_end__ = .

.heap           0x20003da8        0x0
                0x20003da8                __end__ = .
                0x20003da8                end = __end__
 *(.heap*)
 .heap          0x20003da8        0x0 obj\debug\src\startup_stm32f10x_md.o
                0x20003da8                __HeapLimit = .

.stack_dummy    0x20003da8      0x100
 *(.stack)
 .stack         0x20003da8      0x100 obj\debug\src\startup_stm32f10x_md.o
                0x20005000                __StackTop = (ORIGIN (RAM) + 0x5000)
                0x20004f00                __StackLimit = (__StackTop - SIZEOF (.stack_dummy))
                0x20005000                PROVIDE (__stack, __StackTop)
                0x00000001                ASSERT ((__StackLimit >= __HeapLimit), region RAM overflowed with stack)
LOAD obj\debug\src\startup_stm32f10x_md.o
LOAD obj\debug\src\system_stm32f10x.o
LOAD obj\debug\~#\lib\freertosv8.0.1\freertos\source\list.o
LOAD obj\debug\~#\lib\freertosv8.0.1\freertos\source\portable\gcc\arm_cm3\port.o
LOAD obj\debug\~#\lib\freertosv8.0.1\freertos\source\portable\memmang\heap_4.o
LOAD obj\debug\~#\lib\freertosv8.0.1\freertos\source\queue.o
LOAD obj\debug\~#\lib\freertosv8.0.1\freertos\source\tasks.o
LOAD obj\debug\src\main.o
START GROUP
LOAD c:/skuksenk/tools/emblocks/share/em_armgcc/bin/../lib/gcc/arm-none-eabi/4.7.3/armv7-m\libgcc.a
LOAD c:/skuksenk/tools/emblocks/share/em_armgcc/bin/../lib/gcc/arm-none-eabi/4.7.3/../../../../arm-none-eabi/lib/armv7-m\libc_n.a
LOAD c:/skuksenk/tools/emblocks/share/em_armgcc/bin/../lib/gcc/arm-none-eabi/4.7.3/../../../../arm-none-eabi/lib/armv7-m\libg_n.a
LOAD c:/skuksenk/tools/emblocks/share/em_armgcc/bin/../lib/gcc/arm-none-eabi/4.7.3/../../../../arm-none-eabi/lib/armv7-m\libnosys.a
END GROUP
LOAD c:/skuksenk/tools/emblocks/share/em_armgcc/bin/../lib/gcc/arm-none-eabi/4.7.3/armv7-m/crtend.o
LOAD c:/skuksenk/tools/emblocks/share/em_armgcc/bin/../lib/gcc/arm-none-eabi/4.7.3/armv7-m/crtn.o
OUTPUT(bin\Debug\StepperMotorSTM32.elf elf32-littlearm)

.ARM.attributes
                0x00000000       0x29
 .ARM.attributes
                0x00000000       0x1d c:/skuksenk/tools/emblocks/share/em_armgcc/bin/../lib/gcc/arm-none-eabi/4.7.3/armv7-m/crti.o
 .ARM.attributes
                0x0000001d       0x2d c:/skuksenk/tools/emblocks/share/em_armgcc/bin/../lib/gcc/arm-none-eabi/4.7.3/armv7-m/crtbegin.o
 .ARM.attributes
                0x0000004a       0x1b c:/skuksenk/tools/emblocks/share/em_armgcc/bin/../lib/gcc/arm-none-eabi/4.7.3/../../../../arm-none-eabi/lib/armv7-m/crt0.o
 .ARM.attributes
                0x00000065       0x1b obj\debug\src\startup_stm32f10x_md.o
 .ARM.attributes
                0x00000080       0x33 obj\debug\src\system_stm32f10x.o
 .ARM.attributes
                0x000000b3       0x33 obj\debug\~#\lib\freertosv8.0.1\freertos\source\list.o
 .ARM.attributes
                0x000000e6       0x33 obj\debug\~#\lib\freertosv8.0.1\freertos\source\portable\gcc\arm_cm3\port.o
 .ARM.attributes
                0x00000119       0x33 obj\debug\~#\lib\freertosv8.0.1\freertos\source\portable\memmang\heap_4.o
 .ARM.attributes
                0x0000014c       0x33 obj\debug\~#\lib\freertosv8.0.1\freertos\source\tasks.o
 .ARM.attributes
                0x0000017f       0x33 obj\debug\src\main.o
 .ARM.attributes
                0x000001b2       0x2d c:/skuksenk/tools/emblocks/share/em_armgcc/bin/../lib/gcc/arm-none-eabi/4.7.3/../../../../arm-none-eabi/lib/armv7-m\libc_n.a(lib_a-exit.o)
 .ARM.attributes
                0x000001df       0x2d c:/skuksenk/tools/emblocks/share/em_armgcc/bin/../lib/gcc/arm-none-eabi/4.7.3/../../../../arm-none-eabi/lib/armv7-m\libc_n.a(lib_a-impure.o)
 .ARM.attributes
                0x0000020c       0x2d c:/skuksenk/tools/emblocks/share/em_armgcc/bin/../lib/gcc/arm-none-eabi/4.7.3/../../../../arm-none-eabi/lib/armv7-m\libc_n.a(lib_a-init.o)
 .ARM.attributes
                0x00000239       0x2d c:/skuksenk/tools/emblocks/share/em_armgcc/bin/../lib/gcc/arm-none-eabi/4.7.3/../../../../arm-none-eabi/lib/armv7-m\libc_n.a(lib_a-memset.o)
 .ARM.attributes
                0x00000266       0x2d c:/skuksenk/tools/emblocks/share/em_armgcc/bin/../lib/gcc/arm-none-eabi/4.7.3/../../../../arm-none-eabi/lib/armv7-m\libnosys.a(_exit.o)
 .ARM.attributes
                0x00000293       0x2d c:/skuksenk/tools/emblocks/share/em_armgcc/bin/../lib/gcc/arm-none-eabi/4.7.3/armv7-m/crtend.o
 .ARM.attributes
                0x000002c0       0x1d c:/skuksenk/tools/emblocks/share/em_armgcc/bin/../lib/gcc/arm-none-eabi/4.7.3/armv7-m/crtn.o

.comment        0x00000000       0x38
 .comment       0x00000000       0x38 obj\debug\src\system_stm32f10x.o
                                 0x39 (size before relaxing)
 .comment       0x00000000       0x39 obj\debug\~#\lib\freertosv8.0.1\freertos\source\list.o
 .comment       0x00000000       0x39 obj\debug\~#\lib\freertosv8.0.1\freertos\source\portable\gcc\arm_cm3\port.o
 .comment       0x00000000       0x39 obj\debug\~#\lib\freertosv8.0.1\freertos\source\portable\memmang\heap_4.o
 .comment       0x00000000       0x39 obj\debug\~#\lib\freertosv8.0.1\freertos\source\tasks.o
 .comment       0x00000000       0x39 obj\debug\src\main.o

.debug_line     0x00000000     0x20da
 .debug_line    0x00000000       0xa8 obj\debug\src\startup_stm32f10x_md.o
 .debug_line    0x000000a8      0x330 obj\debug\src\system_stm32f10x.o
 .debug_line    0x000003d8      0x421 obj\debug\~#\lib\freertosv8.0.1\freertos\source\list.o
 .debug_line    0x000007f9      0x421 obj\debug\~#\lib\freertosv8.0.1\freertos\source\portable\gcc\arm_cm3\port.o
 .debug_line    0x00000c1a      0x4a4 obj\debug\~#\lib\freertosv8.0.1\freertos\source\portable\memmang\heap_4.o
 .debug_line    0x000010be      0xa4b obj\debug\~#\lib\freertosv8.0.1\freertos\source\tasks.o
 .debug_line    0x00001b09      0x5d1 obj\debug\src\main.o

.debug_info     0x00000000     0x2524
 .debug_info    0x00000000       0x6f obj\debug\src\startup_stm32f10x_md.o
 .debug_info    0x0000006f      0x4ec obj\debug\src\system_stm32f10x.o
 .debug_info    0x0000055b      0x2d4 obj\debug\~#\lib\freertosv8.0.1\freertos\source\list.o
 .debug_info    0x0000082f      0x280 obj\debug\~#\lib\freertosv8.0.1\freertos\source\portable\gcc\arm_cm3\port.o
 .debug_info    0x00000aaf      0x344 obj\debug\~#\lib\freertosv8.0.1\freertos\source\portable\memmang\heap_4.o
 .debug_info    0x00000df3      0xe90 obj\debug\~#\lib\freertosv8.0.1\freertos\source\tasks.o
 .debug_info    0x00001c83      0x8a1 obj\debug\src\main.o

.debug_abbrev   0x00000000      0x8c2
 .debug_abbrev  0x00000000       0x14 obj\debug\src\startup_stm32f10x_md.o
 .debug_abbrev  0x00000014      0x153 obj\debug\src\system_stm32f10x.o
 .debug_abbrev  0x00000167       0xc3 obj\debug\~#\lib\freertosv8.0.1\freertos\source\list.o
 .debug_abbrev  0x0000022a      0x17f obj\debug\~#\lib\freertosv8.0.1\freertos\source\portable\gcc\arm_cm3\port.o
 .debug_abbrev  0x000003a9      0x15d obj\debug\~#\lib\freertosv8.0.1\freertos\source\portable\memmang\heap_4.o
 .debug_abbrev  0x00000506      0x220 obj\debug\~#\lib\freertosv8.0.1\freertos\source\tasks.o
 .debug_abbrev  0x00000726      0x19c obj\debug\src\main.o

.debug_aranges  0x00000000      0x2f8
 .debug_aranges
                0x00000000       0x20 obj\debug\src\startup_stm32f10x_md.o
 .debug_aranges
                0x00000020       0x38 obj\debug\src\system_stm32f10x.o
 .debug_aranges
                0x00000058       0x40 obj\debug\~#\lib\freertosv8.0.1\freertos\source\list.o
 .debug_aranges
                0x00000098       0x88 obj\debug\~#\lib\freertosv8.0.1\freertos\source\portable\gcc\arm_cm3\port.o
 .debug_aranges
                0x00000120       0x50 obj\debug\~#\lib\freertosv8.0.1\freertos\source\portable\memmang\heap_4.o
 .debug_aranges
                0x00000170      0x138 obj\debug\~#\lib\freertosv8.0.1\freertos\source\tasks.o
 .debug_aranges
                0x000002a8       0x50 obj\debug\src\main.o

.debug_loc      0x00000000      0xde4
 .debug_loc     0x00000000       0xc8 obj\debug\src\system_stm32f10x.o
 .debug_loc     0x000000c8      0x118 obj\debug\~#\lib\freertosv8.0.1\freertos\source\list.o
 .debug_loc     0x000001e0      0x198 obj\debug\~#\lib\freertosv8.0.1\freertos\source\portable\gcc\arm_cm3\port.o
 .debug_loc     0x00000378      0x164 obj\debug\~#\lib\freertosv8.0.1\freertos\source\portable\memmang\heap_4.o
 .debug_loc     0x000004dc      0x7a4 obj\debug\~#\lib\freertosv8.0.1\freertos\source\tasks.o
 .debug_loc     0x00000c80      0x164 obj\debug\src\main.o

.debug_ranges   0x00000000      0x278
 .debug_ranges  0x00000000       0x28 obj\debug\src\system_stm32f10x.o
 .debug_ranges  0x00000028       0x30 obj\debug\~#\lib\freertosv8.0.1\freertos\source\list.o
 .debug_ranges  0x00000058       0x78 obj\debug\~#\lib\freertosv8.0.1\freertos\source\portable\gcc\arm_cm3\port.o
 .debug_ranges  0x000000d0       0x40 obj\debug\~#\lib\freertosv8.0.1\freertos\source\portable\memmang\heap_4.o
 .debug_ranges  0x00000110      0x128 obj\debug\~#\lib\freertosv8.0.1\freertos\source\tasks.o
 .debug_ranges  0x00000238       0x40 obj\debug\src\main.o

.debug_macro    0x00000000     0xb18d
 .debug_macro   0x00000000       0x8a obj\debug\src\system_stm32f10x.o
 .debug_macro   0x0000008a      0x80e obj\debug\src\system_stm32f10x.o
 .debug_macro   0x00000898       0x5d obj\debug\src\system_stm32f10x.o
 .debug_macro   0x000008f5       0x3a obj\debug\src\system_stm32f10x.o
 .debug_macro   0x0000092f       0x16 obj\debug\src\system_stm32f10x.o
 .debug_macro   0x00000945       0x44 obj\debug\src\system_stm32f10x.o
 .debug_macro   0x00000989      0x209 obj\debug\src\system_stm32f10x.o
 .debug_macro   0x00000b92       0x18 obj\debug\src\system_stm32f10x.o
 .debug_macro   0x00000baa      0xa36 obj\debug\src\system_stm32f10x.o
 .debug_macro   0x000015e0     0x7ee4 obj\debug\src\system_stm32f10x.o
 .debug_macro   0x000094c4      0x139 obj\debug\~#\lib\freertosv8.0.1\freertos\source\list.o
 .debug_macro   0x000095fd       0x58 obj\debug\~#\lib\freertosv8.0.1\freertos\source\list.o
 .debug_macro   0x00009655       0x35 obj\debug\~#\lib\freertosv8.0.1\freertos\source\list.o
 .debug_macro   0x0000968a       0xa2 obj\debug\~#\lib\freertosv8.0.1\freertos\source\list.o
 .debug_macro   0x0000972c       0x16 obj\debug\~#\lib\freertosv8.0.1\freertos\source\list.o
 .debug_macro   0x00009742      0x10e obj\debug\~#\lib\freertosv8.0.1\freertos\source\list.o
 .debug_macro   0x00009850       0x85 obj\debug\~#\lib\freertosv8.0.1\freertos\source\list.o
 .debug_macro   0x000098d5       0x4a obj\debug\~#\lib\freertosv8.0.1\freertos\source\list.o
 .debug_macro   0x0000991f       0x52 obj\debug\~#\lib\freertosv8.0.1\freertos\source\list.o
 .debug_macro   0x00009971       0x16 obj\debug\~#\lib\freertosv8.0.1\freertos\source\list.o
 .debug_macro   0x00009987       0x43 obj\debug\~#\lib\freertosv8.0.1\freertos\source\list.o
 .debug_macro   0x000099ca      0x180 obj\debug\~#\lib\freertosv8.0.1\freertos\source\list.o
 .debug_macro   0x00009b4a       0x16 obj\debug\~#\lib\freertosv8.0.1\freertos\source\list.o
 .debug_macro   0x00009b60       0x29 obj\debug\~#\lib\freertosv8.0.1\freertos\source\list.o
 .debug_macro   0x00009b89      0x20f obj\debug\~#\lib\freertosv8.0.1\freertos\source\list.o
 .debug_macro   0x00009d98       0x40 obj\debug\~#\lib\freertosv8.0.1\freertos\source\list.o
 .debug_macro   0x00009dd8       0xc4 obj\debug\~#\lib\freertosv8.0.1\freertos\source\list.o
 .debug_macro   0x00009e9c       0xaf obj\debug\~#\lib\freertosv8.0.1\freertos\source\list.o
 .debug_macro   0x00009f4b       0x12 obj\debug\~#\lib\freertosv8.0.1\freertos\source\list.o
 .debug_macro   0x00009f5d       0x1f obj\debug\~#\lib\freertosv8.0.1\freertos\source\list.o
 .debug_macro   0x00009f7c      0x392 obj\debug\~#\lib\freertosv8.0.1\freertos\source\list.o
 .debug_macro   0x0000a30e       0x79 obj\debug\~#\lib\freertosv8.0.1\freertos\source\list.o
 .debug_macro   0x0000a387      0x144 obj\debug\~#\lib\freertosv8.0.1\freertos\source\portable\gcc\arm_cm3\port.o
 .debug_macro   0x0000a4cb      0x16c obj\debug\~#\lib\freertosv8.0.1\freertos\source\portable\gcc\arm_cm3\port.o
 .debug_macro   0x0000a637       0x69 obj\debug\~#\lib\freertosv8.0.1\freertos\source\portable\gcc\arm_cm3\port.o
 .debug_macro   0x0000a6a0      0x166 obj\debug\~#\lib\freertosv8.0.1\freertos\source\portable\memmang\heap_4.o
 .debug_macro   0x0000a806      0x20c obj\debug\~#\lib\freertosv8.0.1\freertos\source\tasks.o
 .debug_macro   0x0000aa12       0x91 obj\debug\~#\lib\freertosv8.0.1\freertos\source\tasks.o
 .debug_macro   0x0000aaa3       0x16 obj\debug\~#\lib\freertosv8.0.1\freertos\source\tasks.o
 .debug_macro   0x0000aab9      0x241 obj\debug\src\main.o
 .debug_macro   0x0000acfa       0x16 obj\debug\src\main.o
 .debug_macro   0x0000ad10       0x97 obj\debug\src\main.o
 .debug_macro   0x0000ada7       0x10 obj\debug\src\main.o
 .debug_macro   0x0000adb7       0xf5 obj\debug\src\main.o
 .debug_macro   0x0000aeac       0x10 obj\debug\src\main.o
 .debug_macro   0x0000aebc       0x22 obj\debug\src\main.o
 .debug_macro   0x0000aede       0xbd obj\debug\src\main.o
 .debug_macro   0x0000af9b       0x16 obj\debug\src\main.o
 .debug_macro   0x0000afb1      0x16c obj\debug\src\main.o
 .debug_macro   0x0000b11d       0x70 obj\debug\src\main.o

.debug_str      0x00000000    0x3a998
 .debug_str     0x00000000    0x32c10 obj\debug\src\system_stm32f10x.o
                              0x32d7c (size before relaxing)
 .debug_str     0x00032c10     0x3ae4 obj\debug\~#\lib\freertosv8.0.1\freertos\source\list.o
                               0x6894 (size before relaxing)
 .debug_str     0x000366f4      0x9d6 obj\debug\~#\lib\freertosv8.0.1\freertos\source\portable\gcc\arm_cm3\port.o
                               0x5d94 (size before relaxing)
 .debug_str     0x000370ca      0x2e4 obj\debug\~#\lib\freertosv8.0.1\freertos\source\portable\memmang\heap_4.o
                               0x6ded (size before relaxing)
 .debug_str     0x000373ae     0x239c obj\debug\~#\lib\freertosv8.0.1\freertos\source\tasks.o
                               0x900c (size before relaxing)
 .debug_str     0x0003974a     0x124e obj\debug\src\main.o
                              0x38bc8 (size before relaxing)

.debug_frame    0x00000000      0x8fc
 .debug_frame   0x00000000       0x80 obj\debug\src\system_stm32f10x.o
 .debug_frame   0x00000080       0x9c obj\debug\~#\lib\freertosv8.0.1\freertos\source\list.o
 .debug_frame   0x0000011c      0x150 obj\debug\~#\lib\freertosv8.0.1\freertos\source\portable\gcc\arm_cm3\port.o
 .debug_frame   0x0000026c       0xd0 obj\debug\~#\lib\freertosv8.0.1\freertos\source\portable\memmang\heap_4.o
 .debug_frame   0x0000033c      0x454 obj\debug\~#\lib\freertosv8.0.1\freertos\source\tasks.o
 .debug_frame   0x00000790       0xd8 obj\debug\src\main.o
 .debug_frame   0x00000868       0x28 c:/skuksenk/tools/emblocks/share/em_armgcc/bin/../lib/gcc/arm-none-eabi/4.7.3/../../../../arm-none-eabi/lib/armv7-m\libc_n.a(lib_a-exit.o)
 .debug_frame   0x00000890       0x2c c:/skuksenk/tools/emblocks/share/em_armgcc/bin/../lib/gcc/arm-none-eabi/4.7.3/../../../../arm-none-eabi/lib/armv7-m\libc_n.a(lib_a-init.o)
 .debug_frame   0x000008bc       0x20 c:/skuksenk/tools/emblocks/share/em_armgcc/bin/../lib/gcc/arm-none-eabi/4.7.3/../../../../arm-none-eabi/lib/armv7-m\libc_n.a(lib_a-memset.o)
 .debug_frame   0x000008dc       0x20 c:/skuksenk/tools/emblocks/share/em_armgcc/bin/../lib/gcc/arm-none-eabi/4.7.3/../../../../arm-none-eabi/lib/armv7-m\libnosys.a(_exit.o)
